// Jest Snapshot v1, https://goo.gl/fbAQLP

exports[`error rendering component in dev mode matches snapshot without an error 1`] = `
<DocumentFragment>
  <h3>
    Something went wrong.
  </h3>
</DocumentFragment>
`;
