// Jest Snapshot v1, https://jestjs.io/docs/snapshot-testing

exports[`child component matches snapshot 1`] = `
<DocumentFragment>
  <div>
    <h3>
      received param: foo
    </h3>
    <a
      href="/"
    >
      Home
    </a>
  </div>
</DocumentFragment>
`;
