// Jest Snapshot v1, https://goo.gl/fbAQLP

exports[`main component matches snapshot 1`] = `
<DocumentFragment>
  <div
    role="banner"
  />
  <h3>
    an opinionated skeleton to quickly set up a new React app
  </h3>
  <a
    href="/child/foo"
  >
    Routing demo
  </a>
  <a
    href="/asdf"
  >
    404 demo
  </a>
  <a
    href="/error"
  >
    Error
  </a>
</DocumentFragment>
`;

exports[`main component renders error if data-fetching errors 1`] = `
<DocumentFragment>
  <span>
    ErrorComponent
  </span>
</DocumentFragment>
`;
