// Jest Snapshot v1, https://jestjs.io/docs/snapshot-testing

exports[`404 component matches snapshot 1`] = `
<DocumentFragment>
  <div>
    <h1>
      404: page not found
    </h1>
    <a
      href="/"
    >
      Home
    </a>
  </div>
</DocumentFragment>
`;
