// Jest Snapshot v1, https://goo.gl/fbAQLP

exports[`child component matches snapshot 1`] = `
<div>
  <h3>
    received param: foo
  </h3>
  <Link
    to="/"
  >
    Home
  </Link>
</div>
`;
