// Jest Snapshot v1, https://goo.gl/fbAQLP

exports[`404 component matches snapshot 1`] = `
<div>
  <h1>
    404: page not found
  </h1>
  <Link
    to="/"
  >
    Home
  </Link>
</div>
`;
